// Jest Snapshot v1, https://goo.gl/fbAQLP

exports[`should match the snapshot 1`] = `
<div>
  <figure>
    <img
      alt="bob"
      src="asdf.png"
    />
    <figcaption>
      <h3>
        bob
      </h3>
      <p>
        man
      </p>
      <p>
        Status: 
        alive
      </p>
    </figcaption>
  </figure>
</div>
`;
